// Jest Snapshot v1, https://goo.gl/fbAQLP

exports[`builder builds project1 1`] = `
"./about/index.html:
<html>
<head>
  <title>About Project 1</title>
</head>
<body>
  <div class="header">
    <h1>About Project 1</h1>

  </div>
  <div>This is a test project.</div>
</body>
</html>

./index.html:
<html>
<head>
  <title>Project 1</title>
  <style>
    .button {
      border-radius: 11px;
    }
  </style>
</head>
<body>
  <div class="header">
    <h1>Project 1</h1>

    <button class="button">Sign in</button>
    <button class="button">Log up</button>

  </div>
  <div>Hello, world!</div>
  <nav>
    <a href="about.html">About</a>
  </nav>
</body>
</html>"
`;
